// Jest Snapshot v1, https://goo.gl/fbAQLP

exports[`should take a snapshot 1`] = `
<DocumentFragment>
  <div
    class="App"
  >
    <header
      class="App-header"
    />
  </div>
</DocumentFragment>
`;
